// Jest Snapshot v1, https://goo.gl/fbAQLP

exports[`cartPage renders 1`] = `
<BrowserRouter>
  <Router
    history={
      Object {
        "action": "POP",
        "block": [Function],
        "createHref": [Function],
        "go": [Function],
        "goBack": [Function],
        "goForward": [Function],
        "length": 1,
        "listen": [Function],
        "location": Object {
          "hash": "",
          "pathname": "/",
          "search": "",
          "state": undefined,
        },
        "push": [Function],
        "replace": [Function],
      }
    }
  >
    <Provider
      store={
        Object {
          "clearActions": [Function],
          "dispatch": [Function],
          "getActions": [Function],
          "getState": [Function],
          "replaceReducer": [Function],
          "subscribe": [Function],
        }
      }
    >
      <CartPage>
        <div
          className="cartPage flex-centered"
        >
          <ul
            className="cartItems"
          >
            <CartItem
              cart_item={
                Object {
                  "id": 2,
                  "price": 1,
                  "quantity": 8,
                }
              }
              key="2"
            >
              <li
                className="cartItem"
              >
                <div
                  className="picture"
                >
                  <img
                    alt="item"
                    src="item2Picture"
                  />
                </div>
                <div
                  className="cartItemHeader flex-betweened"
                >
                  <div
                    className="name"
                  >
                    item2
                  </div>
                  <div
                    className="remove"
                    onClick={[Function]}
                  >
                    remove
                  </div>
                </div>
                <div
                  className="cartItemBody flex-betweened"
                >
                  <div
                    className="details"
                  />
                  <div
                    className="priceCalculator flex-centered"
                  >
                    <select
                      id="quantity"
                      name="quantity"
                      onChange={[Function]}
                      value={8}
                    >
                      <option
                        key="0"
                        value={0}
                      >
                        0
                      </option>
                      <option
                        key="1"
                        value={1}
                      >
                        1
                      </option>
                      <option
                        key="2"
                        value={2}
                      >
                        2
                      </option>
                      <option
                        key="3"
                        value={3}
                      >
                        3
                      </option>
                      <option
                        key="4"
                        value={4}
                      >
                        4
                      </option>
                      <option
                        key="5"
                        value={5}
                      >
                        5
                      </option>
                      <option
                        key="6"
                        value={6}
                      >
                        6
                      </option>
                      <option
                        key="7"
                        value={7}
                      >
                        7
                      </option>
                      <option
                        key="8"
                        value={8}
                      >
                        8
                      </option>
                      <option
                        key="9"
                        value={9}
                      >
                        9
                      </option>
                      <option
                        key="10"
                        value={10}
                      >
                        10
                      </option>
                      <option
                        key="11"
                        value={11}
                      >
                        11
                      </option>
                      <option
                        key="12"
                        value={12}
                      >
                        12
                      </option>
                      <option
                        key="13"
                        value={13}
                      >
                        13
                      </option>
                      <option
                        key="14"
                        value={14}
                      >
                        14
                      </option>
                      <option
                        key="15"
                        value={15}
                      >
                        15
                      </option>
                    </select>
                    <div
                      className="price"
                    >
                      <span>
                        X
                      </span>
                      <span>
                        1
                      </span>
                    </div>
                    <div
                      className="totalPrice"
                    >
                      <span>
                        8
                      </span>
                      €
                    </div>
                  </div>
                </div>
              </li>
            </CartItem>
            <CartItem
              cart_item={
                Object {
                  "id": 3,
                  "price": 4,
                  "quantity": 4,
                }
              }
              key="3"
            >
              <li
                className="cartItem"
              >
                <div
                  className="picture"
                >
                  <img
                    alt="item"
                    src="item1Picture"
                  />
                </div>
                <div
                  className="cartItemHeader flex-betweened"
                >
                  <div
                    className="name"
                  >
                    item1
                  </div>
                  <div
                    className="remove"
                    onClick={[Function]}
                  >
                    remove
                  </div>
                </div>
                <div
                  className="cartItemBody flex-betweened"
                >
                  <div
                    className="details"
                  />
                  <div
                    className="priceCalculator flex-centered"
                  >
                    <select
                      id="quantity"
                      name="quantity"
                      onChange={[Function]}
                      value={4}
                    >
                      <option
                        key="0"
                        value={0}
                      >
                        0
                      </option>
                      <option
                        key="1"
                        value={1}
                      >
                        1
                      </option>
                      <option
                        key="2"
                        value={2}
                      >
                        2
                      </option>
                      <option
                        key="3"
                        value={3}
                      >
                        3
                      </option>
                      <option
                        key="4"
                        value={4}
                      >
                        4
                      </option>
                      <option
                        key="5"
                        value={5}
                      >
                        5
                      </option>
                      <option
                        key="6"
                        value={6}
                      >
                        6
                      </option>
                      <option
                        key="7"
                        value={7}
                      >
                        7
                      </option>
                      <option
                        key="8"
                        value={8}
                      >
                        8
                      </option>
                    </select>
                    <div
                      className="price"
                    >
                      <span>
                        X
                      </span>
                      <span>
                        4
                      </span>
                    </div>
                    <div
                      className="totalPrice"
                    >
                      <span>
                        16
                      </span>
                      €
                    </div>
                  </div>
                </div>
              </li>
            </CartItem>
            <CartItem
              cart_item={
                Object {
                  "id": 5,
                  "price": 12,
                  "quantity": 4,
                }
              }
              key="5"
            >
              <li
                className="cartItem"
              >
                <div
                  className="picture"
                >
                  <img
                    alt="item"
                  />
                </div>
                <div
                  className="cartItemHeader flex-betweened"
                >
                  <div
                    className="name"
                  >
                    item3
                  </div>
                  <div
                    className="remove"
                    onClick={[Function]}
                  >
                    remove
                  </div>
                </div>
                <div
                  className="cartItemBody flex-betweened"
                >
                  <div
                    className="details"
                  />
                  <div
                    className="priceCalculator flex-centered"
                  >
                    <select
                      id="quantity"
                      name="quantity"
                      onChange={[Function]}
                      value={4}
                    >
                      <option
                        key="0"
                        value={0}
                      >
                        0
                      </option>
                      <option
                        key="1"
                        value={1}
                      >
                        1
                      </option>
                      <option
                        key="2"
                        value={2}
                      >
                        2
                      </option>
                      <option
                        key="3"
                        value={3}
                      >
                        3
                      </option>
                      <option
                        key="4"
                        value={4}
                      >
                        4
                      </option>
                      <option
                        key="5"
                        value={5}
                      >
                        5
                      </option>
                      <option
                        key="6"
                        value={6}
                      >
                        6
                      </option>
                      <option
                        key="7"
                        value={7}
                      >
                        7
                      </option>
                      <option
                        key="8"
                        value={8}
                      >
                        8
                      </option>
                      <option
                        key="9"
                        value={9}
                      >
                        9
                      </option>
                    </select>
                    <div
                      className="price"
                    >
                      <span>
                        X
                      </span>
                      <span>
                        12
                      </span>
                    </div>
                    <div
                      className="totalPrice"
                    >
                      <span>
                        48
                      </span>
                      €
                    </div>
                  </div>
                </div>
              </li>
            </CartItem>
          </ul>
          <div
            className="cartTotal flex-betweened"
          >
            <span>
              Total
            </span>
            <span>
              72
              €
            </span>
          </div>
          <fieldset
            className="button"
          >
            <Link
              to="/"
            >
              <LinkAnchor
                href="/"
                navigate={[Function]}
              >
                <a
                  href="/"
                  onClick={[Function]}
                >
                  <button>
                    GO BACK
                  </button>
                </a>
              </LinkAnchor>
            </Link>
            <Link
              to="/bill"
            >
              <LinkAnchor
                href="/bill"
                navigate={[Function]}
              >
                <a
                  href="/bill"
                  onClick={[Function]}
                >
                  <button
                    className="checkout"
                    id="checkout"
                    type="submit"
                  >
                    CHECKOUT
                  </button>
                </a>
              </LinkAnchor>
            </Link>
          </fieldset>
        </div>
      </CartPage>
    </Provider>
  </Router>
</BrowserRouter>
`;
