// Jest Snapshot v1, https://goo.gl/fbAQLP

exports[`ShippingForm renders 1`] = `
<div
  className="rectangle"
  id="ShipForm"
>
  <form
    onSubmit={[Function]}
  >
    <label>
      Name:
       
      <input
        id="name"
        onChange={[Function]}
        required={true}
        type="text"
      />
       
    </label>
    <label>
      Email:
       
      <input
        id="email"
        onChange={[Function]}
        required={true}
        type="email"
      />
       
    </label>
    <label>
      Shipping Address:
       
      <input
        id="address"
        onChange={[Function]}
        required={true}
        type="text"
      />
       
    </label>
    <label>
      City:
       
      <input
        id="city"
        onChange={[Function]}
        required={true}
        type="text"
      />
       
    </label>
    <label>
      Postal Code:
       
      <input
        id="postalCode"
        onChange={[Function]}
        required={true}
        type="text"
      />
       
    </label>
    <fieldset
      className="button"
    >
      <button
        onSubmit={[Function]}
        type="submit"
      >
        SHIP
      </button>
      <Link
        to="/home"
      >
        <button>
          CANCEL
        </button>
      </Link>
    </fieldset>
  </form>
</div>
`;
