// Jest Snapshot v1, https://goo.gl/fbAQLP

exports[`BillingForm rendets 1`] = `
<div
  className="rectangle"
  id="BillingForm"
  onSubmit={[Function]}
>
  <form>
    <label>
      Billing Name:
       
      <input
        id="Name"
        onChange={[Function]}
        required={true}
        type="text"
      />
    </label>
    <label>
      Email:
       
      <input
        id="email"
        onChange={[Function]}
        required={true}
        type="email"
      />
    </label>
    <label>
      Billing Address:
       
      <input
        id="address"
        onChange={[Function]}
        required={true}
        type="text"
      />
       
    </label>
    <label>
      City:
       
      <input
        id="city"
        onChange={[Function]}
        required={true}
        type="text"
      />
    </label>
    <label>
      Postal Code:
       
      <input
        id="postalCode"
        onChange={[Function]}
        required={true}
        type="text"
      />
    </label>
    <fieldset
      className="button"
    >
      <button
        type="submit"
      >
        BILL
      </button>
      <Link
        to="/home"
      >
        <button>
          CANCEL
        </button>
      </Link>
    </fieldset>
  </form>
</div>
`;
